// Jest Snapshot v1, https://goo.gl/fbAQLP

exports[`A <TableDataCell> should render 1`] = `
.c0 {
  font-family: "Roboto","Noto Sans JP","Noto Sans CJK KR","Noto Sans Arabic UI","Noto Sans Devanagari UI","Noto Sans Hebrew","Noto Sans Thai UI","Helvetica","Arial",sans-serif;
  padding: 0.5rem 0;
  border-top: solid 1px;
  border-color: #DEE1E5;
}

<td
  className="c0"
/>
`;
