// Jest Snapshot v1, https://goo.gl/fbAQLP

exports[`DateFormat renders only date 1`] = `"Jan 25, 1988"`;
