// Jest Snapshot v1, https://goo.gl/fbAQLP

exports[`A <TableHead> should render 1`] = `
.c0 {
  font-family: 'Roboto','Noto Sans JP','Noto Sans CJK KR','Noto Sans Arabic UI','Noto Sans Devanagari UI','Noto Sans Hebrew','Noto Sans Thai UI','Helvetica','Arial',sans-serif;
  text-align: left;
}

<thead
  className="c0"
/>
`;
