// Jest Snapshot v1, https://goo.gl/fbAQLP

exports[`A <TableFoot> should render 1`] = `
.c0 {
  text-align: left;
}

<tbody
  className="c0"
/>
`;
