// Jest Snapshot v1, https://goo.gl/fbAQLP

exports[`Big ToggleSwitch 1`] = `
.c2 {
  background: #FFFFFF;
  border-radius: 50%;
  bottom: 0.375rem;
  height: 3rem;
  left: 0.375rem;
  position: absolute;
  -webkit-transition: 300ms;
  transition: 300ms;
  width: 3rem;
}

.c1 {
  background: #C1C6CC;
  border-radius: 3.75rem;
  bottom: 0;
  left: 0;
  position: absolute;
  right: 0;
  top: 0;
  -webkit-transition: 300ms;
  transition: 300ms;
}

.c0 {
  display: inline-block;
  height: 3.75rem;
  position: relative;
  vertical-align: middle;
  width: 6.5625rem;
}

.c0 input {
  cursor: pointer;
  height: 100%;
  left: 0;
  margin: 0;
  opacity: 0;
  position: absolute;
  top: 0;
  width: 100%;
  z-index: 1;
}

.c0 input:focus + div {
  box-shadow: 0 0 0 0.2rem rgba(79,42,186,0.4);
}

<div
  className="c0"
>
  <input
    role="switch"
    type="checkbox"
  />
  <div
    className="c1"
  >
    <div
      className="c2"
    />
  </div>
</div>
`;

exports[`ToggleSwitch default 1`] = `
.c2 {
  background: #FFFFFF;
  border-radius: 50%;
  bottom: 0.125rem;
  height: 1rem;
  left: 0.125rem;
  position: absolute;
  -webkit-transition: 300ms;
  transition: 300ms;
  width: 1rem;
}

.c1 {
  background: #C1C6CC;
  border-radius: 1.25rem;
  bottom: 0;
  left: 0;
  position: absolute;
  right: 0;
  top: 0;
  -webkit-transition: 300ms;
  transition: 300ms;
}

.c0 {
  display: inline-block;
  height: 1.25rem;
  position: relative;
  vertical-align: middle;
  width: 2.1875rem;
}

.c0 input {
  cursor: pointer;
  height: 100%;
  left: 0;
  margin: 0;
  opacity: 0;
  position: absolute;
  top: 0;
  width: 100%;
  z-index: 1;
}

.c0 input:focus + div {
  box-shadow: 0 0 0 0.2rem rgba(79,42,186,0.4);
}

<div
  className="c0"
>
  <input
    role="switch"
    type="checkbox"
  />
  <div
    className="c1"
  >
    <div
      className="c2"
    />
  </div>
</div>
`;

exports[`ToggleSwitch on set to false 1`] = `
.c2 {
  background: #FFFFFF;
  border-radius: 50%;
  bottom: 0.125rem;
  height: 1rem;
  left: 0.125rem;
  position: absolute;
  -webkit-transition: 300ms;
  transition: 300ms;
  width: 1rem;
}

.c1 {
  background: #C1C6CC;
  border-radius: 1.25rem;
  bottom: 0;
  left: 0;
  position: absolute;
  right: 0;
  top: 0;
  -webkit-transition: 300ms;
  transition: 300ms;
}

.c0 {
  display: inline-block;
  height: 1.25rem;
  position: relative;
  vertical-align: middle;
  width: 2.1875rem;
}

.c0 input {
  cursor: pointer;
  height: 100%;
  left: 0;
  margin: 0;
  opacity: 0;
  position: absolute;
  top: 0;
  width: 100%;
  z-index: 1;
}

.c0 input:focus + div {
  box-shadow: 0 0 0 0.2rem rgba(79,42,186,0.4);
}

<div
  className="c0"
>
  <input
    aria-checked={false}
    checked={false}
    role="switch"
    type="checkbox"
  />
  <div
    className="c1"
  >
    <div
      className="c2"
    />
  </div>
</div>
`;

exports[`ToggleSwitch on set to true 1`] = `
.c2 {
  background: #FFFFFF;
  border-radius: 50%;
  bottom: 0.125rem;
  height: 1rem;
  left: 0.125rem;
  position: absolute;
  -webkit-transform: translateX(0.9375rem);
  -ms-transform: translateX(0.9375rem);
  transform: translateX(0.9375rem);
  -webkit-transition: 300ms;
  transition: 300ms;
  width: 1rem;
}

.c1 {
  background: #6C43E0;
  border-radius: 1.25rem;
  bottom: 0;
  left: 0;
  position: absolute;
  right: 0;
  top: 0;
  -webkit-transition: 300ms;
  transition: 300ms;
}

.c0 {
  display: inline-block;
  height: 1.25rem;
  position: relative;
  vertical-align: middle;
  width: 2.1875rem;
}

.c0 input {
  cursor: pointer;
  height: 100%;
  left: 0;
  margin: 0;
  opacity: 0;
  position: absolute;
  top: 0;
  width: 100%;
  z-index: 1;
}

.c0 input:focus + div {
  box-shadow: 0 0 0 0.2rem rgba(79,42,186,0.4);
}

<div
  className="c0"
>
  <input
    aria-checked={true}
    checked={true}
    role="switch"
    type="checkbox"
  />
  <div
    className="c1"
  >
    <div
      className="c2"
    />
  </div>
</div>
`;

exports[`ToggleSwitch that is disabled 1`] = `
.c2 {
  background: #FFFFFF;
  border-radius: 50%;
  bottom: 0.125rem;
  height: 1rem;
  left: 0.125rem;
  position: absolute;
  -webkit-transform: translateX(0.9375rem);
  -ms-transform: translateX(0.9375rem);
  transform: translateX(0.9375rem);
  -webkit-transition: 300ms;
  transition: 300ms;
  width: 1rem;
}

.c1 {
  background: #6C43E0;
  border-radius: 1.25rem;
  bottom: 0;
  left: 0;
  position: absolute;
  right: 0;
  top: 0;
  -webkit-transition: 300ms;
  transition: 300ms;
}

.c1:hover {
  box-shadow: 0 0 0.01rem 0.01rem rgba(79,42,186,0.5);
}

.c3 {
  background: #C1C6CC;
  border-radius: 1.25rem;
  bottom: 0;
  left: 0;
  opacity: 0.4;
  position: absolute;
  right: 0;
  top: 0;
}

.c0 {
  display: inline-block;
  height: 1.25rem;
  position: relative;
  vertical-align: middle;
  width: 2.1875rem;
}

.c0 input {
  height: 100%;
  left: 0;
  margin: 0;
  opacity: 0;
  position: absolute;
  top: 0;
  width: 100%;
  z-index: 1;
}

.c0 input:focus + div {
  box-shadow: 0 0 0 0.2rem rgba(79,42,186,0.4);
}

<div
  className="c0"
>
  <input
    aria-checked={true}
    checked={true}
    disabled={true}
    role="switch"
    type="checkbox"
  />
  <div
    className="c1"
  >
    <div
      className="c2"
    />
  </div>
  <div
    className="c3"
    size={20}
  />
</div>
`;
