// Jest Snapshot v1, https://goo.gl/fbAQLP

exports[`InputColor Default render 1`] = `ShallowWrapper {}`;
