// Jest Snapshot v1, https://goo.gl/fbAQLP

exports[`ButtonGroup controlled 1`] = `
.c3 {
  -webkit-align-items: center;
  -webkit-box-align: center;
  -ms-flex-align: center;
  align-items: center;
  background: transparent;
  border: none;
  color: #4C535B;
  cursor: pointer;
  display: -webkit-inline-box;
  display: -webkit-inline-flex;
  display: -ms-inline-flexbox;
  display: inline-flex;
  font-family: 'Red Hat Display','Noto Sans JP','Noto Sans CJK KR','Noto Sans Arabic UI','Noto Sans Devanagari UI','Noto Sans Hebrew','Noto Sans Thai UI','Helvetica','Arial',sans-serif;
  font-size: 0.875rem;
  height: 36px;
  -webkit-box-pack: center;
  -webkit-justify-content: center;
  -ms-flex-pack: center;
  justify-content: center;
  margin: 0;
  padding: 0 0.75rem;
  -webkit-transition: background 150ms ease;
  transition: background 150ms ease;
  -webkit-user-select: none;
  -moz-user-select: none;
  -ms-user-select: none;
  user-select: none;
}

.c3:active,
.c3:focus,
.c3:hover {
  background: #E8E5FF;
}

.c3:focus {
  box-shadow: 0 0 0.5px 1px #9785F2;
  outline: none;
}

.c3[disabled] {
  color: #939BA5;
  cursor: default;
}

.c3[disabled]:hover {
  background: inherit;
}

.c3[aria-pressed='true'] {
  background: #F3F2FF;
  color: #6C43E0;
}

.c3[aria-pressed='true'][disabled] {
  background: #F3F2FF;
  color: #9785F2;
}

.c0 {
  font-family: 'Roboto','Noto Sans JP','Noto Sans CJK KR','Noto Sans Arabic UI','Noto Sans Devanagari UI','Noto Sans Hebrew','Noto Sans Thai UI','Helvetica','Arial',sans-serif;
  -webkit-align-items: center;
  -webkit-box-align: center;
  -ms-flex-align: center;
  align-items: center;
  display: -webkit-inline-box;
  display: -webkit-inline-flex;
  display: -ms-inline-flexbox;
  display: inline-flex;
  -webkit-flex-wrap: wrap;
  -ms-flex-wrap: wrap;
  flex-wrap: wrap;
  font-size: 0.875rem;
  text-align: center;
}

.c1 .c2 {
  border: 1px solid #DEE1E5;
  border-radius: 0.25rem;
  margin-right: 0.25rem;
}

.c1 .c2:last-child {
  margin-right: 0;
}

.c1 .c2[aria-pressed='false']:not(:hover) {
  background: #FFFFFF;
}

.c1.wrapping {
  margin: -0.125rem;
}

.c1.wrapping .c2 {
  margin: 0.125rem;
}

<div
  class="wrapping c0 c1"
  role="group"
>
  <button
    aria-pressed="false"
    class="c2 c3"
    type="button"
    value="Apples"
  >
    Apples
  </button>
  <button
    aria-pressed="false"
    class="c2 c3"
    type="button"
    value="Oranges"
  >
    Oranges
  </button>
  <button
    aria-pressed="true"
    class="c2 c3"
    type="button"
    value="Bananas"
  >
    Bananas
  </button>
</div>
`;
