// Jest Snapshot v1, https://goo.gl/fbAQLP

exports[`Button Focus: renders outline when tabbing into focus, but not when clicking 1`] = `
.c0 {
  font-family: 'Roboto','Noto Sans JP','Noto Sans CJK KR','Noto Sans Arabic UI','Noto Sans Devanagari UI','Noto Sans Hebrew','Noto Sans Thai UI','Helvetica','Arial',sans-serif;
  -webkit-align-items: center;
  -webkit-box-align: center;
  -ms-flex-align: center;
  align-items: center;
  border-radius: 0.25rem;
  cursor: pointer;
  display: -webkit-inline-box;
  display: -webkit-inline-flex;
  display: -ms-inline-flexbox;
  display: inline-flex;
  font-family: Roboto,'Noto Sans JP','Noto Sans CJK KR','Noto Sans Arabic UI','Noto Sans Devanagari UI','Noto Sans Hebrew','Noto Sans Thai UI','Helvetica','Arial',sans-serif;
  font-weight: 500;
  -webkit-box-pack: center;
  -webkit-justify-content: center;
  -ms-flex-pack: center;
  justify-content: center;
  line-height: 1;
  outline: none;
  -webkit-transition: border 80ms;
  transition: border 80ms;
  vertical-align: middle;
  white-space: nowrap;
  font-size: 0.875rem;
  height: 36px;
  padding-left: 24px;
  padding-right: 24px;
}

.c0[disabled] {
  cursor: default;
  -webkit-filter: grayscale(0.3);
  filter: grayscale(0.3);
  opacity: 0.25;
}

.c1 {
  background: #6C43E0;
  border: 1px solid #6C43E0;
  color: #FFFFFF;
}

.c1:hover,
.c1:focus,
.c1.hover {
  background: #7a55e3;
  border-color: #7a55e3;
}

.c1[aria-expanded='true'],
.c1:active,
.c1.active {
  background: #5424db;
  border-color: #5424db;
}

.c1[disabled]:hover,
.c1[disabled]:active,
.c1[disabled]:focus {
  background-color: #6C43E0;
  border-color: #C1C6CC;
}

<button
  class="c0 c1"
>
  focus
</button>
`;

exports[`Button Focus: renders outline when tabbing into focus, but not when clicking 2`] = `
<button
  class="ButtonBase__ButtonOuter-sc-1bpio6j-0 kFFdak ButtonBase-sc-1bpio6j-1 Button-sc-18euc9m-0 dXZmpP"
>
  focus
</button>
`;
