// Jest Snapshot v1, https://goo.gl/fbAQLP

exports[`IconButton accepts color 1`] = `
.c4 {
  width: 18px;
  height: 18px;
  display: -webkit-inline-box;
  display: -webkit-inline-flex;
  display: -ms-inline-flexbox;
  display: inline-flex;
  -webkit-align-items: center;
  -webkit-box-align: center;
  -ms-flex-align: center;
  align-items: center;
}

.c4 svg {
  height: 100%;
  width: 100%;
}

.c0 {
  width: 24px;
  -webkit-align-items: center;
  -webkit-box-align: center;
  -ms-flex-align: center;
  align-items: center;
  border-radius: 0.25rem;
  cursor: pointer;
  display: -webkit-inline-box;
  display: -webkit-inline-flex;
  display: -ms-inline-flexbox;
  display: inline-flex;
  font-weight: 600;
  -webkit-box-pack: center;
  -webkit-justify-content: center;
  -ms-flex-pack: center;
  justify-content: center;
  line-height: 1;
  outline: none;
  -webkit-transition: border 80ms;
  transition: border 80ms;
  vertical-align: middle;
  white-space: nowrap;
  font-size: 0.6875rem;
  height: 24px;
  padding-left: 0.75rem;
  padding-right: 0.75rem;
  padding: 0rem;
}

.c0[disabled] {
  cursor: default;
  -webkit-filter: grayscale(0.3);
  filter: grayscale(0.3);
  opacity: 0.25;
}

.c1 {
  background: transparent;
  border: 1px solid transparent;
  color: #CC1F36;
  padding: 0 0.5rem;
}

.c1 .c5 {
  height: 12px;
  width: 12px;
}

.c1:hover,
.c1:focus,
.c1.hover {
  background: #FFF2F4;
  border-color: #FFF2F4;
  color: #ED3B53;
}

.c1:active,
.c1.active {
  background: #FFE5E9;
  border-color: #FFE5E9;
  color: #ED3B53;
}

.c1[disabled]:hover,
.c1[disabled]:active,
.c1[disabled]:focus {
  background-color: transparent;
  border-color: transparent;
  color: #CC1F36;
}

.c3 {
  -webkit-clip: rect(1px,1px,1px,1px);
  clip: rect(1px,1px,1px,1px);
  height: 1px;
  overflow: hidden;
  position: absolute;
  width: 1px;
}

.c2 {
  padding: 0;
}

.c2 svg {
  pointer-events: none;
}

<button
  aria-describedby="test-iconButton-tooltip"
  className="c0 c1 c2"
  color="critical"
  onBlur={[Function]}
  onFocus={[Function]}
  onKeyUp={[Function]}
  onMouseOut={[Function]}
  onMouseOver={[Function]}
  size="xsmall"
  type="button"
  width={24}
>
  <div
    className="c3"
  >
    Test
  </div>
  <div
    aria-hidden={true}
    className="c4"
  >
    <svg
      fill="currentColor"
      height="100%"
      viewBox="0 0 24 24"
      width="100%"
    >
      <title>
        Favorite
      </title>
      <path
        d="M12 21.35l-1.45-1.32C5.4 15.36 2 12.28 2 8.5 2 5.42 4.42 3 7.5 3c1.74 0 3.41.81 4.5 2.09C13.09 3.81 14.76 3 16.5 3 19.58 3 22 5.42 22 8.5c0 3.78-3.4 6.86-8.55 11.54L12 21.35z"
        fill="currentColor"
      />
    </svg>
  </div>
</button>
`;

exports[`IconButton accepts events 1`] = `
.c4 {
  width: 18px;
  height: 18px;
  display: -webkit-inline-box;
  display: -webkit-inline-flex;
  display: -ms-inline-flexbox;
  display: inline-flex;
  -webkit-align-items: center;
  -webkit-box-align: center;
  -ms-flex-align: center;
  align-items: center;
}

.c4 svg {
  height: 100%;
  width: 100%;
}

.c0 {
  width: 24px;
  -webkit-align-items: center;
  -webkit-box-align: center;
  -ms-flex-align: center;
  align-items: center;
  border-radius: 0.25rem;
  cursor: pointer;
  display: -webkit-inline-box;
  display: -webkit-inline-flex;
  display: -ms-inline-flexbox;
  display: inline-flex;
  font-weight: 600;
  -webkit-box-pack: center;
  -webkit-justify-content: center;
  -ms-flex-pack: center;
  justify-content: center;
  line-height: 1;
  outline: none;
  -webkit-transition: border 80ms;
  transition: border 80ms;
  vertical-align: middle;
  white-space: nowrap;
  font-size: 0.6875rem;
  height: 24px;
  padding-left: 0.75rem;
  padding-right: 0.75rem;
  padding: 0rem;
}

.c0[disabled] {
  cursor: default;
  -webkit-filter: grayscale(0.3);
  filter: grayscale(0.3);
  opacity: 0.25;
}

.c1 {
  background: transparent;
  border: 1px solid transparent;
  color: #939BA5;
  padding: 0 0.5rem;
}

.c1 .c5 {
  height: 12px;
  width: 12px;
}

.c1:hover,
.c1:focus,
.c1.hover {
  background: #FBFBFC;
  border-color: #FBFBFC;
  color: #939BA5;
}

.c1:active,
.c1.active {
  background: #F5F6F7;
  border-color: #F5F6F7;
  color: #939BA5;
}

.c1[disabled]:hover,
.c1[disabled]:active,
.c1[disabled]:focus {
  background-color: transparent;
  border-color: transparent;
  color: #939BA5;
}

.c3 {
  -webkit-clip: rect(1px,1px,1px,1px);
  clip: rect(1px,1px,1px,1px);
  height: 1px;
  overflow: hidden;
  position: absolute;
  width: 1px;
}

.c2 {
  padding: 0;
}

.c2 svg {
  pointer-events: none;
}

<button
  aria-describedby="test-iconButton-tooltip"
  className="c0 c1 c2"
  color="neutral"
  onBlur={[Function]}
  onFocus={[Function]}
  onKeyUp={[Function]}
  onMouseEnter={[Function]}
  onMouseOut={[Function]}
  onMouseOver={[Function]}
  size="xsmall"
  type="button"
  width={24}
>
  <div
    className="c3"
  >
    Test
  </div>
  <div
    aria-hidden={true}
    className="c4"
  >
    <svg
      fill="currentColor"
      height="100%"
      viewBox="0 0 24 24"
      width="100%"
    >
      <title>
        Favorite
      </title>
      <path
        d="M12 21.35l-1.45-1.32C5.4 15.36 2 12.28 2 8.5 2 5.42 4.42 3 7.5 3c1.74 0 3.41.81 4.5 2.09C13.09 3.81 14.76 3 16.5 3 19.58 3 22 5.42 22 8.5c0 3.78-3.4 6.86-8.55 11.54L12 21.35z"
        fill="currentColor"
      />
    </svg>
  </div>
</button>
`;

exports[`IconButton accepts events 2`] = `
.c4 {
  width: 18px;
  height: 18px;
  display: -webkit-inline-box;
  display: -webkit-inline-flex;
  display: -ms-inline-flexbox;
  display: inline-flex;
  -webkit-align-items: center;
  -webkit-box-align: center;
  -ms-flex-align: center;
  align-items: center;
}

.c4 svg {
  height: 100%;
  width: 100%;
}

.c0 {
  width: 24px;
  -webkit-align-items: center;
  -webkit-box-align: center;
  -ms-flex-align: center;
  align-items: center;
  border-radius: 0.25rem;
  cursor: pointer;
  display: -webkit-inline-box;
  display: -webkit-inline-flex;
  display: -ms-inline-flexbox;
  display: inline-flex;
  font-weight: 600;
  -webkit-box-pack: center;
  -webkit-justify-content: center;
  -ms-flex-pack: center;
  justify-content: center;
  line-height: 1;
  outline: none;
  -webkit-transition: border 80ms;
  transition: border 80ms;
  vertical-align: middle;
  white-space: nowrap;
  font-size: 0.6875rem;
  height: 24px;
  padding-left: 0.75rem;
  padding-right: 0.75rem;
  padding: 0rem;
}

.c0[disabled] {
  cursor: default;
  -webkit-filter: grayscale(0.3);
  filter: grayscale(0.3);
  opacity: 0.25;
}

.c1 {
  background: transparent;
  border: 1px solid transparent;
  color: #939BA5;
  padding: 0 0.5rem;
}

.c1 .c5 {
  height: 12px;
  width: 12px;
}

.c1:hover,
.c1:focus,
.c1.hover {
  background: #FBFBFC;
  border-color: #FBFBFC;
  color: #939BA5;
}

.c1:active,
.c1.active {
  background: #F5F6F7;
  border-color: #F5F6F7;
  color: #939BA5;
}

.c1[disabled]:hover,
.c1[disabled]:active,
.c1[disabled]:focus {
  background-color: transparent;
  border-color: transparent;
  color: #939BA5;
}

.c3 {
  -webkit-clip: rect(1px,1px,1px,1px);
  clip: rect(1px,1px,1px,1px);
  height: 1px;
  overflow: hidden;
  position: absolute;
  width: 1px;
}

.c2 {
  padding: 0;
}

.c2 svg {
  pointer-events: none;
}

<button
  aria-describedby="test-iconButton-tooltip"
  className="c0 c1 c2"
  color="neutral"
  onBlur={[Function]}
  onClick={[Function]}
  onFocus={[Function]}
  onKeyUp={[Function]}
  onMouseOut={[Function]}
  onMouseOver={[Function]}
  size="xsmall"
  type="button"
  width={24}
>
  <div
    className="c3"
  >
    Test
  </div>
  <div
    aria-hidden={true}
    className="c4"
  >
    <svg
      fill="currentColor"
      height="100%"
      viewBox="0 0 24 24"
      width="100%"
    >
      <title>
        Favorite
      </title>
      <path
        d="M12 21.35l-1.45-1.32C5.4 15.36 2 12.28 2 8.5 2 5.42 4.42 3 7.5 3c1.74 0 3.41.81 4.5 2.09C13.09 3.81 14.76 3 16.5 3 19.58 3 22 5.42 22 8.5c0 3.78-3.4 6.86-8.55 11.54L12 21.35z"
        fill="currentColor"
      />
    </svg>
  </div>
</button>
`;

exports[`IconButton allows for ARIA attributes 1`] = `
.c4 {
  width: 18px;
  height: 18px;
  display: -webkit-inline-box;
  display: -webkit-inline-flex;
  display: -ms-inline-flexbox;
  display: inline-flex;
  -webkit-align-items: center;
  -webkit-box-align: center;
  -ms-flex-align: center;
  align-items: center;
}

.c4 svg {
  height: 100%;
  width: 100%;
}

.c0 {
  width: 24px;
  -webkit-align-items: center;
  -webkit-box-align: center;
  -ms-flex-align: center;
  align-items: center;
  border-radius: 0.25rem;
  cursor: pointer;
  display: -webkit-inline-box;
  display: -webkit-inline-flex;
  display: -ms-inline-flexbox;
  display: inline-flex;
  font-weight: 600;
  -webkit-box-pack: center;
  -webkit-justify-content: center;
  -ms-flex-pack: center;
  justify-content: center;
  line-height: 1;
  outline: none;
  -webkit-transition: border 80ms;
  transition: border 80ms;
  vertical-align: middle;
  white-space: nowrap;
  font-size: 0.6875rem;
  height: 24px;
  padding-left: 0.75rem;
  padding-right: 0.75rem;
  padding: 0rem;
}

.c0[disabled] {
  cursor: default;
  -webkit-filter: grayscale(0.3);
  filter: grayscale(0.3);
  opacity: 0.25;
}

.c1 {
  background: transparent;
  border: 1px solid transparent;
  color: #939BA5;
  padding: 0 0.5rem;
}

.c1 .c5 {
  height: 12px;
  width: 12px;
}

.c1:hover,
.c1:focus,
.c1.hover {
  background: #FBFBFC;
  border-color: #FBFBFC;
  color: #939BA5;
}

.c1:active,
.c1.active {
  background: #F5F6F7;
  border-color: #F5F6F7;
  color: #939BA5;
}

.c1[disabled]:hover,
.c1[disabled]:active,
.c1[disabled]:focus {
  background-color: transparent;
  border-color: transparent;
  color: #939BA5;
}

.c3 {
  -webkit-clip: rect(1px,1px,1px,1px);
  clip: rect(1px,1px,1px,1px);
  height: 1px;
  overflow: hidden;
  position: absolute;
  width: 1px;
}

.c2 {
  padding: 0;
}

.c2 svg {
  pointer-events: none;
}

<button
  aria-describedby="test-iconButton-tooltip"
  aria-haspopup={true}
  className="c0 c1 c2"
  color="neutral"
  onBlur={[Function]}
  onFocus={[Function]}
  onKeyUp={[Function]}
  onMouseOut={[Function]}
  onMouseOver={[Function]}
  size="xsmall"
  type="button"
  width={24}
>
  <div
    className="c3"
  >
    Test
  </div>
  <div
    aria-hidden={true}
    className="c4"
  >
    <svg
      fill="currentColor"
      height="100%"
      viewBox="0 0 24 24"
      width="100%"
    >
      <title>
        Favorite
      </title>
      <path
        d="M12 21.35l-1.45-1.32C5.4 15.36 2 12.28 2 8.5 2 5.42 4.42 3 7.5 3c1.74 0 3.41.81 4.5 2.09C13.09 3.81 14.76 3 16.5 3 19.58 3 22 5.42 22 8.5c0 3.78-3.4 6.86-8.55 11.54L12 21.35z"
        fill="currentColor"
      />
    </svg>
  </div>
</button>
`;

exports[`IconButton default 1`] = `
.c4 {
  width: 18px;
  height: 18px;
  display: -webkit-inline-box;
  display: -webkit-inline-flex;
  display: -ms-inline-flexbox;
  display: inline-flex;
  -webkit-align-items: center;
  -webkit-box-align: center;
  -ms-flex-align: center;
  align-items: center;
}

.c4 svg {
  height: 100%;
  width: 100%;
}

.c0 {
  width: 24px;
  -webkit-align-items: center;
  -webkit-box-align: center;
  -ms-flex-align: center;
  align-items: center;
  border-radius: 0.25rem;
  cursor: pointer;
  display: -webkit-inline-box;
  display: -webkit-inline-flex;
  display: -ms-inline-flexbox;
  display: inline-flex;
  font-weight: 600;
  -webkit-box-pack: center;
  -webkit-justify-content: center;
  -ms-flex-pack: center;
  justify-content: center;
  line-height: 1;
  outline: none;
  -webkit-transition: border 80ms;
  transition: border 80ms;
  vertical-align: middle;
  white-space: nowrap;
  font-size: 0.6875rem;
  height: 24px;
  padding-left: 0.75rem;
  padding-right: 0.75rem;
  padding: 0rem;
}

.c0[disabled] {
  cursor: default;
  -webkit-filter: grayscale(0.3);
  filter: grayscale(0.3);
  opacity: 0.25;
}

.c1 {
  background: transparent;
  border: 1px solid transparent;
  color: #939BA5;
  padding: 0 0.5rem;
}

.c1 .c5 {
  height: 12px;
  width: 12px;
}

.c1:hover,
.c1:focus,
.c1.hover {
  background: #FBFBFC;
  border-color: #FBFBFC;
  color: #939BA5;
}

.c1:active,
.c1.active {
  background: #F5F6F7;
  border-color: #F5F6F7;
  color: #939BA5;
}

.c1[disabled]:hover,
.c1[disabled]:active,
.c1[disabled]:focus {
  background-color: transparent;
  border-color: transparent;
  color: #939BA5;
}

.c3 {
  -webkit-clip: rect(1px,1px,1px,1px);
  clip: rect(1px,1px,1px,1px);
  height: 1px;
  overflow: hidden;
  position: absolute;
  width: 1px;
}

.c2 {
  padding: 0;
}

.c2 svg {
  pointer-events: none;
}

<button
  aria-describedby="test-iconButton-tooltip"
  className="c0 c1 c2"
  color="neutral"
  onBlur={[Function]}
  onFocus={[Function]}
  onKeyUp={[Function]}
  onMouseOut={[Function]}
  onMouseOver={[Function]}
  size="xsmall"
  type="button"
  width={24}
>
  <div
    className="c3"
  >
    Test
  </div>
  <div
    aria-hidden={true}
    className="c4"
  >
    <svg
      fill="currentColor"
      height="100%"
      viewBox="0 0 24 24"
      width="100%"
    >
      <title>
        Favorite
      </title>
      <path
        d="M12 21.35l-1.45-1.32C5.4 15.36 2 12.28 2 8.5 2 5.42 4.42 3 7.5 3c1.74 0 3.41.81 4.5 2.09C13.09 3.81 14.76 3 16.5 3 19.58 3 22 5.42 22 8.5c0 3.78-3.4 6.86-8.55 11.54L12 21.35z"
        fill="currentColor"
      />
    </svg>
  </div>
</button>
`;

exports[`IconButton outline 1`] = `
.c4 {
  width: 18px;
  height: 18px;
  display: -webkit-inline-box;
  display: -webkit-inline-flex;
  display: -ms-inline-flexbox;
  display: inline-flex;
  -webkit-align-items: center;
  -webkit-box-align: center;
  -ms-flex-align: center;
  align-items: center;
}

.c4 svg {
  height: 100%;
  width: 100%;
}

.c0 {
  width: 24px;
  -webkit-align-items: center;
  -webkit-box-align: center;
  -ms-flex-align: center;
  align-items: center;
  border-radius: 0.25rem;
  cursor: pointer;
  display: -webkit-inline-box;
  display: -webkit-inline-flex;
  display: -ms-inline-flexbox;
  display: inline-flex;
  font-weight: 600;
  -webkit-box-pack: center;
  -webkit-justify-content: center;
  -ms-flex-pack: center;
  justify-content: center;
  line-height: 1;
  outline: none;
  -webkit-transition: border 80ms;
  transition: border 80ms;
  vertical-align: middle;
  white-space: nowrap;
  font-size: 0.6875rem;
  height: 24px;
  padding-left: 0.75rem;
  padding-right: 0.75rem;
  padding: 0rem;
}

.c0[disabled] {
  cursor: default;
  -webkit-filter: grayscale(0.3);
  filter: grayscale(0.3);
  opacity: 0.25;
}

.c1 {
  background: transparent;
  border: 1px solid transparent;
  color: #939BA5;
  padding: 0 0.5rem;
}

.c1 .c5 {
  height: 12px;
  width: 12px;
}

.c1:hover,
.c1:focus,
.c1.hover {
  background: #FBFBFC;
  border-color: #FBFBFC;
  color: #939BA5;
}

.c1:active,
.c1.active {
  background: #F5F6F7;
  border-color: #F5F6F7;
  color: #939BA5;
}

.c1[disabled]:hover,
.c1[disabled]:active,
.c1[disabled]:focus {
  background-color: transparent;
  border-color: transparent;
  color: #939BA5;
}

.c3 {
  -webkit-clip: rect(1px,1px,1px,1px);
  clip: rect(1px,1px,1px,1px);
  height: 1px;
  overflow: hidden;
  position: absolute;
  width: 1px;
}

.c2 {
  padding: 0;
  border: 1px solid #C1C6CC;
}

.c2:hover,
.c2:focus,
.c2.hover {
  border-color: #939BA5;
}

.c2:active,
.c2.active {
  border-color: #707781;
}

.c2[disabled]:hover,
.c2[disabled]:active,
.c2[disabled]:focus {
  border-color: #C1C6CC;
}

.c2 svg {
  pointer-events: none;
}

<button
  aria-describedby="test-iconButton-tooltip"
  className="c0 c1 c2"
  color="neutral"
  onBlur={[Function]}
  onFocus={[Function]}
  onKeyUp={[Function]}
  onMouseOut={[Function]}
  onMouseOver={[Function]}
  size="xsmall"
  type="button"
  width={24}
>
  <div
    className="c3"
  >
    Test
  </div>
  <div
    aria-hidden={true}
    className="c4"
  >
    <svg
      fill="currentColor"
      height="100%"
      viewBox="0 0 24 24"
      width="100%"
    >
      <title>
        Favorite
      </title>
      <path
        d="M12 21.35l-1.45-1.32C5.4 15.36 2 12.28 2 8.5 2 5.42 4.42 3 7.5 3c1.74 0 3.41.81 4.5 2.09C13.09 3.81 14.76 3 16.5 3 19.58 3 22 5.42 22 8.5c0 3.78-3.4 6.86-8.55 11.54L12 21.35z"
        fill="currentColor"
      />
    </svg>
  </div>
</button>
`;

exports[`IconButton renders focus ring on tab input but not on click 1`] = `
.c4 {
  width: 18px;
  height: 18px;
  display: -webkit-inline-box;
  display: -webkit-inline-flex;
  display: -ms-inline-flexbox;
  display: inline-flex;
  -webkit-align-items: center;
  -webkit-box-align: center;
  -ms-flex-align: center;
  align-items: center;
}

.c4 svg {
  height: 100%;
  width: 100%;
}

.c0 {
  width: 24px;
  -webkit-align-items: center;
  -webkit-box-align: center;
  -ms-flex-align: center;
  align-items: center;
  border-radius: 0.25rem;
  cursor: pointer;
  display: -webkit-inline-box;
  display: -webkit-inline-flex;
  display: -ms-inline-flexbox;
  display: inline-flex;
  font-weight: 600;
  -webkit-box-pack: center;
  -webkit-justify-content: center;
  -ms-flex-pack: center;
  justify-content: center;
  line-height: 1;
  outline: none;
  -webkit-transition: border 80ms;
  transition: border 80ms;
  vertical-align: middle;
  white-space: nowrap;
  font-size: 0.6875rem;
  height: 24px;
  padding-left: 0.75rem;
  padding-right: 0.75rem;
  padding: 0rem;
}

.c0[disabled] {
  cursor: default;
  -webkit-filter: grayscale(0.3);
  filter: grayscale(0.3);
  opacity: 0.25;
}

.c1 {
  background: transparent;
  border: 1px solid transparent;
  color: #CC1F36;
  padding: 0 0.5rem;
}

.c1 .c5 {
  height: 12px;
  width: 12px;
}

.c1:hover,
.c1:focus,
.c1.hover {
  background: #FFF2F4;
  border-color: #FFF2F4;
  color: #ED3B53;
}

.c1:active,
.c1.active {
  background: #FFE5E9;
  border-color: #FFE5E9;
  color: #ED3B53;
}

.c1[disabled]:hover,
.c1[disabled]:active,
.c1[disabled]:focus {
  background-color: transparent;
  border-color: transparent;
  color: #CC1F36;
}

.c3 {
  -webkit-clip: rect(1px,1px,1px,1px);
  clip: rect(1px,1px,1px,1px);
  height: 1px;
  overflow: hidden;
  position: absolute;
  width: 1px;
}

.c2 {
  padding: 0;
}

.c2 svg {
  pointer-events: none;
}

<button
  aria-describedby="test-iconButton-tooltip"
  className="c0 c1 c2"
  color="critical"
  onBlur={[Function]}
  onFocus={[Function]}
  onKeyUp={[Function]}
  onMouseOut={[Function]}
  onMouseOver={[Function]}
  size="xsmall"
  type="button"
  width={24}
>
  <div
    className="c3"
  >
    Favorite
  </div>
  <div
    aria-hidden={true}
    className="c4"
  >
    <svg
      fill="currentColor"
      height="100%"
      viewBox="0 0 24 24"
      width="100%"
    >
      <title>
        Favorite
      </title>
      <path
        d="M12 21.35l-1.45-1.32C5.4 15.36 2 12.28 2 8.5 2 5.42 4.42 3 7.5 3c1.74 0 3.41.81 4.5 2.09C13.09 3.81 14.76 3 16.5 3 19.58 3 22 5.42 22 8.5c0 3.78-3.4 6.86-8.55 11.54L12 21.35z"
        fill="currentColor"
      />
    </svg>
  </div>
</button>
`;

exports[`IconButton renders focus ring on tab input but not on click 2`] = `
.c4 {
  width: 18px;
  height: 18px;
  display: -webkit-inline-box;
  display: -webkit-inline-flex;
  display: -ms-inline-flexbox;
  display: inline-flex;
  -webkit-align-items: center;
  -webkit-box-align: center;
  -ms-flex-align: center;
  align-items: center;
}

.c4 svg {
  height: 100%;
  width: 100%;
}

.c0 {
  width: 24px;
  -webkit-align-items: center;
  -webkit-box-align: center;
  -ms-flex-align: center;
  align-items: center;
  border-radius: 0.25rem;
  cursor: pointer;
  display: -webkit-inline-box;
  display: -webkit-inline-flex;
  display: -ms-inline-flexbox;
  display: inline-flex;
  font-weight: 600;
  -webkit-box-pack: center;
  -webkit-justify-content: center;
  -ms-flex-pack: center;
  justify-content: center;
  line-height: 1;
  outline: none;
  -webkit-transition: border 80ms;
  transition: border 80ms;
  vertical-align: middle;
  white-space: nowrap;
  font-size: 0.6875rem;
  height: 24px;
  padding-left: 0.75rem;
  padding-right: 0.75rem;
  padding: 0rem;
}

.c0[disabled] {
  cursor: default;
  -webkit-filter: grayscale(0.3);
  filter: grayscale(0.3);
  opacity: 0.25;
}

.c1 {
  background: transparent;
  border: 1px solid transparent;
  color: #CC1F36;
  padding: 0 0.5rem;
}

.c1 .c5 {
  height: 12px;
  width: 12px;
}

.c1:hover,
.c1:focus,
.c1.hover {
  background: #FFF2F4;
  border-color: #FFF2F4;
  color: #ED3B53;
}

.c1:active,
.c1.active {
  background: #FFE5E9;
  border-color: #FFE5E9;
  color: #ED3B53;
}

.c1[disabled]:hover,
.c1[disabled]:active,
.c1[disabled]:focus {
  background-color: transparent;
  border-color: transparent;
  color: #CC1F36;
}

.c3 {
  -webkit-clip: rect(1px,1px,1px,1px);
  clip: rect(1px,1px,1px,1px);
  height: 1px;
  overflow: hidden;
  position: absolute;
  width: 1px;
}

.c2 {
  padding: 0;
}

.c2 svg {
  pointer-events: none;
}

<button
  aria-describedby="test-iconButton-tooltip"
  className="c0 c1 c2"
  color="critical"
  onBlur={[Function]}
  onFocus={[Function]}
  onKeyUp={[Function]}
  onMouseOut={[Function]}
  onMouseOver={[Function]}
  size="xsmall"
  type="button"
  width={24}
>
  <div
    className="c3"
  >
    Trash
  </div>
  <div
    aria-hidden={true}
    className="c4"
  >
    <svg
      fill="currentColor"
      height="100%"
      viewBox="0 0 24 24"
      width="100%"
    >
      <title>
        Trash
      </title>
      <path
        d="M6 19c0 1.1.9 2 2 2h8c1.1 0 2-.9 2-2V7H6v12zM19 4h-3.5l-1-1h-5l-1 1H5v2h14V4z"
        fill="currentColor"
      />
    </svg>
  </div>
</button>
`;

exports[`IconButton resized 1`] = `
.c4 {
  width: 38px;
  height: 38px;
  display: -webkit-inline-box;
  display: -webkit-inline-flex;
  display: -ms-inline-flexbox;
  display: inline-flex;
  -webkit-align-items: center;
  -webkit-box-align: center;
  -ms-flex-align: center;
  align-items: center;
}

.c4 svg {
  height: 100%;
  width: 100%;
}

.c0 {
  width: 44px;
  -webkit-align-items: center;
  -webkit-box-align: center;
  -ms-flex-align: center;
  align-items: center;
  border-radius: 0.25rem;
  cursor: pointer;
  display: -webkit-inline-box;
  display: -webkit-inline-flex;
  display: -ms-inline-flexbox;
  display: inline-flex;
  font-weight: 600;
  -webkit-box-pack: center;
  -webkit-justify-content: center;
  -ms-flex-pack: center;
  justify-content: center;
  line-height: 1;
  outline: none;
  -webkit-transition: border 80ms;
  transition: border 80ms;
  vertical-align: middle;
  white-space: nowrap;
  font-size: 1.125rem;
  height: 44px;
  padding-left: 2rem;
  padding-right: 2rem;
  padding: 0rem;
}

.c0[disabled] {
  cursor: default;
  -webkit-filter: grayscale(0.3);
  filter: grayscale(0.3);
  opacity: 0.25;
}

.c1 {
  background: transparent;
  border: 1px solid transparent;
  color: #939BA5;
  padding: 0 0.5rem;
}

.c1 .c5 {
  height: 20px;
  width: 20px;
}

.c1:hover,
.c1:focus,
.c1.hover {
  background: #FBFBFC;
  border-color: #FBFBFC;
  color: #939BA5;
}

.c1:active,
.c1.active {
  background: #F5F6F7;
  border-color: #F5F6F7;
  color: #939BA5;
}

.c1[disabled]:hover,
.c1[disabled]:active,
.c1[disabled]:focus {
  background-color: transparent;
  border-color: transparent;
  color: #939BA5;
}

.c3 {
  -webkit-clip: rect(1px,1px,1px,1px);
  clip: rect(1px,1px,1px,1px);
  height: 1px;
  overflow: hidden;
  position: absolute;
  width: 1px;
}

.c2 {
  padding: 0;
}

.c2 svg {
  pointer-events: none;
}

<button
  aria-describedby="test-iconButton-tooltip"
  className="c0 c1 c2"
  color="neutral"
  onBlur={[Function]}
  onFocus={[Function]}
  onKeyUp={[Function]}
  onMouseOut={[Function]}
  onMouseOver={[Function]}
  size="large"
  type="button"
  width={44}
>
  <div
    className="c3"
  >
    Test
  </div>
  <div
    aria-hidden={true}
    className="c4"
  >
    <svg
      fill="currentColor"
      height="100%"
      viewBox="0 0 24 24"
      width="100%"
    >
      <title>
        Favorite
      </title>
      <path
        d="M12 21.35l-1.45-1.32C5.4 15.36 2 12.28 2 8.5 2 5.42 4.42 3 7.5 3c1.74 0 3.41.81 4.5 2.09C13.09 3.81 14.76 3 16.5 3 19.58 3 22 5.42 22 8.5c0 3.78-3.4 6.86-8.55 11.54L12 21.35z"
        fill="currentColor"
      />
    </svg>
  </div>
</button>
`;
