// Jest Snapshot v1, https://goo.gl/fbAQLP

exports[`Tooltip trigger: open on mouseover, close on mouseout 1`] = `
.c0 {
  font-family: 'Roboto','Noto Sans JP','Noto Sans CJK KR','Noto Sans Arabic UI','Noto Sans Devanagari UI','Noto Sans Hebrew','Noto Sans Thai UI','Helvetica','Arial',sans-serif;
  border-radius: 0.25rem;
  box-shadow: 0 3px 18px rgba(0,0,0,0.12),0 1px 4px rgba(0,0,0,0.04);
  background-color: #262D33;
  color: #FFFFFF;
}

.c0:focus {
  outline: none;
}

.c1 {
  font-family: 'Roboto','Noto Sans JP','Noto Sans CJK KR','Noto Sans Arabic UI','Noto Sans Devanagari UI','Noto Sans Hebrew','Noto Sans Thai UI','Helvetica','Arial',sans-serif;
  font-size: 0.75rem;
  line-height: 1rem;
  text-align: center;
  margin: 0rem;
  padding: 0.5rem;
  width: auto;
  max-width: 16rem;
  -webkit-hyphens: auto;
  -moz-hyphens: auto;
  -ms-hyphens: auto;
  hyphens: auto;
  overflow-wrap: anywhere;
  text-transform: none;
  white-space: normal;
  word-break: break-word;
}

.c1 .c2 {
  color: #E8E5FF;
  -webkit-text-decoration: underline;
  text-decoration: underline;
}

.c1 .c2:focus,
.c1 .c2:hover {
  color: #F3F2FF;
}

.c1 .c2:active {
  color: #FFFFFF;
}

<div
  class="c0"
  color="inverseOn"
>
  <p
    class="c1"
    font-size="xsmall"
    id="stable-id"
    role="tooltip"
    width="auto"
  >
    Hello world
  </p>
</div>
`;
