// Jest Snapshot v1, https://goo.gl/fbAQLP

exports[`Dialog Active 1`] = `ShallowWrapper {}`;
