// Jest Snapshot v1, https://goo.gl/fbAQLP

exports[`Confirmation Dialog, Shown 1`] = `ShallowWrapper {}`;

exports[`Dialog Hidden 1`] = `ShallowWrapper {}`;

exports[`Dialog Shown 1`] = `ShallowWrapper {}`;

exports[`Dialog, backdrop customized 1`] = `ShallowWrapper {}`;
