// Jest Snapshot v1, https://goo.gl/fbAQLP

exports[`A Label 1`] = `
.c0 {
  color: #343C42;
  font-size: 0.75rem;
  font-weight: 600;
}

<label
  className="c0"
  htmlFor="party"
  id="LabelID"
>
  ðŸŽ‰
</label>
`;
