// Jest Snapshot v1, https://goo.gl/fbAQLP

exports[`An error message 1`] = `
.c0 {
  font-family: 'Roboto','Noto Sans JP','Noto Sans CJK KR','Noto Sans Arabic UI','Noto Sans Devanagari UI','Noto Sans Hebrew','Noto Sans Thai UI','Helvetica','Arial',sans-serif;
  font-size: 0.75rem;
  color: #CC1F36;
}

<div
  className="c0"
>
  Error!
</div>
`;
