// Jest Snapshot v1, https://goo.gl/fbAQLP

exports[`Tabs snapshot works as expected 1`] = `ShallowWrapper {}`;

exports[`focus behavior Tab Focus: does not render focus ring after click 1`] = `
.c1 {
  min-width: 3rem;
  padding-bottom: 0.75rem;
  padding-top: 0.5rem;
  font-size: 0.875rem;
  font-weight: 600;
  background: transparent;
  border: none;
  border-bottom: 3px solid;
  border-bottom-color: #6C43E0;
  border-radius: 0;
  color: #262D33;
  cursor: pointer;
}

.c1 + .c0 {
  margin-left: 2rem;
}

.c1:active {
  border-bottom-color: #6C43E0;
}

.c1:active,
.c1:hover {
  border-bottom-color: transparent;
}

.c1:focus {
  outline: none;
}

.c1:hover {
  border-bottom-color: #6C43E0;
}

.c1:disabled {
  border-bottom-color: transparent;
  color: #C1C6CC;
  cursor: default;
}

.c2 + .c0 {
  margin-left: 2rem;
}

<button
  class="c0 c1 "
  font-size="small"
  font-weight="semiBold"
>
  tab1
</button>
`;

exports[`focus behavior Tab Focus: renders focus ring for keyboard navigation 1`] = `
.c2 + .c0 {
  margin-left: 2rem;
}

.c3 + .c0 {
  margin-left: 2rem;
}

.c1 {
  min-width: 3rem;
  padding-bottom: 0.75rem;
  padding-top: 0.5rem;
  font-size: 0.875rem;
  font-weight: 600;
  background: transparent;
  border: none;
  border-bottom: 3px solid;
  border-bottom-color: transparent;
  border-radius: 0;
  color: #707781;
  cursor: pointer;
  box-shadow: 0 0 0 0.15rem rgba(151,133,242,0.25);
}

.c1 + .c0 {
  margin-left: 2rem;
}

.c1:active {
  border-bottom-color: #707781;
}

.c1:active,
.c1:hover {
  border-bottom-color: transparent;
}

.c1:focus {
  outline: none;
}

.c1:hover {
  border-bottom-color: #C1C6CC;
}

.c1:disabled {
  border-bottom-color: transparent;
  color: #C1C6CC;
  cursor: default;
}

<button
  class="c0 c1 "
  font-size="small"
  font-weight="semiBold"
>
  tab2
</button>
`;
