// Jest Snapshot v1, https://goo.gl/fbAQLP

exports[`renders focus styles on keypress 1`] = `
.c0 {
  background: transparent;
  display: block;
  height: 22px;
  left: 8px;
  margin-left: 0;
  margin-right: 0;
  position: relative;
  -webkit-appearance: none;
  width: calc(100% - 16px);
}

.c0::-webkit-slider-thumb {
  -webkit-appearance: none;
  height: 16px;
  visibility: hidden;
  width: 16px;
}

.c0::-moz-range-thumb {
  height: 16px;
  visibility: hidden;
  width: 16px;
}

.c0::-ms-thumb {
  height: 16px;
  visibility: hidden;
  width: 16px;
}

.c0::-ms-track {
  background: transparent;
  border-color: transparent;
  color: transparent;
  cursor: pointer;
  width: 100%;
}

.c0::-moz-focus-outer {
  border: none;
}

.c0:focus {
  outline: none;
}

<input
  class="c0"
  data-testid="slider-input"
  max="10"
  min="0"
  type="range"
  value="0"
/>
`;
