// Jest Snapshot v1, https://goo.gl/fbAQLP

exports[`FieldColor Default render 1`] = `ShallowWrapper {}`;
