// Jest Snapshot v1, https://goo.gl/fbAQLP

exports[`Default Swatch 1`] = `
.c0 {
  font-family: 'Roboto','Noto Sans JP','Noto Sans CJK KR','Noto Sans Arabic UI','Noto Sans Devanagari UI','Noto Sans Hebrew','Noto Sans Thai UI','Helvetica','Arial',sans-serif;
  background: #FFFFFF;
  border: 1px solid #DEE1E5;
  border-radius: 0.25rem;
  color: #343C42;
  font-size: 0.875rem;
  width: 36px;
  height: 36px;
  background-color: transparent;
  -webkit-flex-shrink: 0;
  -ms-flex-negative: 0;
  flex-shrink: 0;
  margin-top: auto;
  position: relative;
}

.c0:disabled {
  background: #F5F6F7;
  color: #939BA5;
  cursor: default;
}

.c0:disabled:hover {
  border-color: #DEE1E5;
}

.c0:hover:not([disabled]) {
  border-color: #C1C6CC;
}

.c0:after {
  position: absolute;
  display: block;
  content: '';
  height: 1px;
  width: calc(100% + 12px);
  background: red;
  top: 50%;
  margin-left: -6px;
  -webkit-transform: rotate(-45deg);
  -ms-transform: rotate(-45deg);
  transform: rotate(-45deg);
}

<div
  className="c0"
  color="transparent"
  height="36px"
  width="36px"
/>
`;

exports[`Swatch has a disabled state 1`] = `
.c0 {
  font-family: 'Roboto','Noto Sans JP','Noto Sans CJK KR','Noto Sans Arabic UI','Noto Sans Devanagari UI','Noto Sans Hebrew','Noto Sans Thai UI','Helvetica','Arial',sans-serif;
  background: #FFFFFF;
  border: 1px solid #DEE1E5;
  border-radius: 0.25rem;
  color: #343C42;
  font-size: 0.875rem;
  width: 50px;
  height: 25px;
  background-color: rgba(0,0,255,0.85);
  -webkit-flex-shrink: 0;
  -ms-flex-negative: 0;
  flex-shrink: 0;
  margin-top: auto;
}

.c0:disabled {
  background: #F5F6F7;
  color: #939BA5;
  cursor: default;
}

.c0:disabled:hover {
  border-color: #DEE1E5;
}

.c0:hover:not([disabled]) {
  border-color: #C1C6CC;
}

<div
  className="c0"
  color="blue"
  disabled={true}
  height="25px"
  width="50px"
/>
`;

exports[`Swatch with hex value passed 1`] = `
.c0 {
  font-family: 'Roboto','Noto Sans JP','Noto Sans CJK KR','Noto Sans Arabic UI','Noto Sans Devanagari UI','Noto Sans Hebrew','Noto Sans Thai UI','Helvetica','Arial',sans-serif;
  background: #FFFFFF;
  border: 1px solid #DEE1E5;
  border-radius: 0.25rem;
  color: #343C42;
  font-size: 0.875rem;
  width: 36px;
  height: 36px;
  background-color: #4c6670;
  -webkit-flex-shrink: 0;
  -ms-flex-negative: 0;
  flex-shrink: 0;
  margin-top: auto;
}

.c0:disabled {
  background: #F5F6F7;
  color: #939BA5;
  cursor: default;
}

.c0:disabled:hover {
  border-color: #DEE1E5;
}

.c0:hover:not([disabled]) {
  border-color: #C1C6CC;
}

<div
  className="c0"
  color="#4c6670"
  height="36px"
  width="36px"
/>
`;

exports[`Swatch with width and height set 1`] = `
.c0 {
  font-family: 'Roboto','Noto Sans JP','Noto Sans CJK KR','Noto Sans Arabic UI','Noto Sans Devanagari UI','Noto Sans Hebrew','Noto Sans Thai UI','Helvetica','Arial',sans-serif;
  background: #FFFFFF;
  border: 1px solid #DEE1E5;
  border-radius: 0.25rem;
  color: #343C42;
  font-size: 0.875rem;
  width: 50px;
  height: 25px;
  background-color: blue;
  -webkit-flex-shrink: 0;
  -ms-flex-negative: 0;
  flex-shrink: 0;
  margin-top: auto;
}

.c0:disabled {
  background: #F5F6F7;
  color: #939BA5;
  cursor: default;
}

.c0:disabled:hover {
  border-color: #DEE1E5;
}

.c0:hover:not([disabled]) {
  border-color: #C1C6CC;
}

<div
  className="c0"
  color="blue"
  height="25px"
  width="50px"
/>
`;
